"blank"				"==========================="
"blank"				"Sven Co-op Commands"
"blank"				"==========================="
"+commandmenu"			"Command Menu (Important)"
"medic"				"Call for a medic or medic NPC"
"grenade;npc_findcover"				"Yell to warn other players"
"kill"				"Commit suicide (use if stuck)"
"drop"				"Drop current weapon"
"dropammo"				"Drop ammo"
"sc_chasecam"			"Toggle third-person viewmode"
"+voicerecord"			"Use Voice Communication"
"briefing"				"Map briefing / Server MOTD"
"votemenu"			"Voting Menu"
"mp3player"				"MP3 Menu"
"blank"			"-----Basic MP3 commands:-----"
"playmp3"			"Play"
"nextsong"			"Next track"
"lastsong"			"Previous track"
"stopsong"			"Stop / Turn off MP3 player"
"blank"			"----Optional NPC Commands:----"
"npc_return"		"Return to me"
"npc_findcover"		"Stop and find cover"
"npc_attackmytarget"		"Attack my target"
"blank"				"==========================="
"blank"				"Half-life Standard Commands"
"blank"				"==========================="
"+forward"				"Move forward"
"+back"					"Move back"
"+left"					"Turn left"
"+right"				"Turn right"
"+moveleft"				"Move left (strafe)"
"+moveright"			"Move right (strafe)"
"+jump"					"Jump"
"+duck"					"Duck"
"+moveup"				"Swim up"
"+movedown"				"Swim down"
"+lookup"				"Look up"
"+lookdown"				"Look down"
"centerview"			"Look straight ahead"
"+strafe"				"Strafe modifier"
"+mlook"				"Mouse look modifier"
"+klook"				"Keyboard look modifier"
"+attack"				"Primary attack"
"+attack2"				"Secondary attack"
"+reload"				"Reload weapon"
"+use"					"Use item (buttons, scientists, ...)"
"+speed"             "Walk"
"impulse 100"			"Flashlight"
"impulse 201"			"Spray logo"
"slot1"				"Weapon category 1"
"slot2"				"Weapon category 2"
"slot3" 				"Weapon category 3"
"slot4"				"Weapon category 4"
"slot5"				"Weapon category 5"
"slot6"				"Weapon category 6"
"invprev"				"Previous weapon"
"invnext"				"Next weapon"
"lastinv"				"Last used weapon"
"+showscores"			"Display multiplayer scores"
"messagemode"			"Chat message"
"messagemode2"		"Team message"
"snapshot"				"Take screen shot"
"save quick"			"Quick save"
"load quick"			"Quick load"
"pause"				"Pause game"
"quit"					"Quit game"
